#######################################################################################
# log primitive debug message of FSDB dumping                                         #
# This is for R&D to analyze when there are issues happening when FSDB dump           #
#######################################################################################
ANF: vcsd_get_serial_mode_status('/home/v62970/Documents/ece748-assignment4/part_1/simv: undefined symbol: vcsd_get_serial_mode_status')
ANF: vcsd_enable_sva_success_callback('/home/v62970/Documents/ece748-assignment4/part_1/simv: undefined symbol: vcsd_enable_sva_success_callback')
ANF: vcsd_disable_sva_success_callback('/home/v62970/Documents/ece748-assignment4/part_1/simv: undefined symbol: vcsd_disable_sva_success_callback')
ANF: vcsd_get_power_scope_name('/home/v62970/Documents/ece748-assignment4/part_1/simv: undefined symbol: vcsd_get_power_scope_name')
ANF: vcsd_begin_no_value_var_info('/home/v62970/Documents/ece748-assignment4/part_1/simv: undefined symbol: vcsd_begin_no_value_var_info')
ANF: vcsd_end_no_value_var_info('/home/v62970/Documents/ece748-assignment4/part_1/simv: undefined symbol: vcsd_end_no_value_var_info')
ANF: vcsd_remove_xprop_merge_mode_callback('/home/v62970/Documents/ece748-assignment4/part_1/simv: undefined symbol: vcsd_remove_xprop_merge_mode_callback')
ANF: vhpi_get_cb_info('/home/v62970/Documents/ece748-assignment4/part_1/simv: undefined symbol: vhpi_get_cb_info')
ANF: vhpi_free_handle('/home/v62970/Documents/ece748-assignment4/part_1/simv: undefined symbol: vhpi_free_handle')
ANF: vhpi_fetch_vcsd_handle('/home/v62970/Documents/ece748-assignment4/part_1/simv: undefined symbol: vhpi_fetch_vcsd_handle')
ANF: vhpi_fetch_vpi_handle('/home/v62970/Documents/ece748-assignment4/part_1/simv: undefined symbol: vhpi_fetch_vpi_handle')
ANF: vhpi_has_verilog_parent('/home/v62970/Documents/ece748-assignment4/part_1/simv: undefined symbol: vhpi_has_verilog_parent')
ANF: vhpi_is_verilog_scope('/home/v62970/Documents/ece748-assignment4/part_1/simv: undefined symbol: vhpi_is_verilog_scope')
ANF: scsd_xprop_is_enabled('/home/v62970/Documents/ece748-assignment4/part_1/simv: undefined symbol: scsd_xprop_is_enabled')
ANF: scsd_xprop_sig_is_promoted('/home/v62970/Documents/ece748-assignment4/part_1/simv: undefined symbol: scsd_xprop_sig_is_promoted')
ANF: scsd_xprop_int_xvalue('/home/v62970/Documents/ece748-assignment4/part_1/simv: undefined symbol: scsd_xprop_int_xvalue')
ANF: scsd_xprop_bool_xvalue('/home/v62970/Documents/ece748-assignment4/part_1/simv: undefined symbol: scsd_xprop_bool_xvalue')
ANF: scsd_xprop_enum_xvalue('/home/v62970/Documents/ece748-assignment4/part_1/simv: undefined symbol: scsd_xprop_enum_xvalue')
ANF: scsd_xprop_register_merge_mode_cb('/home/v62970/Documents/ece748-assignment4/part_1/simv: undefined symbol: scsd_xprop_register_merge_mode_cb')
ANF: scsd_xprop_delete_merge_mode_cb('/home/v62970/Documents/ece748-assignment4/part_1/simv: undefined symbol: scsd_xprop_delete_merge_mode_cb')
ANF: scsd_xprop_get_merge_mode('/home/v62970/Documents/ece748-assignment4/part_1/simv: undefined symbol: scsd_xprop_get_merge_mode')
ANF: scsd_thread_get_info('/home/v62970/Documents/ece748-assignment4/part_1/simv: undefined symbol: scsd_thread_get_info')
ANF: scsd_thread_vc_init('/home/v62970/Documents/ece748-assignment4/part_1/simv: undefined symbol: scsd_thread_vc_init')
ANF: scsd_master_set_delta_sync_cbk('/home/v62970/Documents/ece748-assignment4/part_1/simv: undefined symbol: scsd_master_set_delta_sync_cbk')
ANF: scsd_fgp_get_fsdb_cores('/home/v62970/Documents/ece748-assignment4/part_1/simv: undefined symbol: scsd_fgp_get_fsdb_cores')
ANF: scsd_fgp_get_is_cpu_affinity_disabled('/home/v62970/Documents/ece748-assignment4/part_1/simv: undefined symbol: scsd_fgp_get_is_cpu_affinity_disabled')
ANF: vhdi_dt_get_type('/home/v62970/Documents/ece748-assignment4/part_1/simv: undefined symbol: vhdi_dt_get_type')
ANF: vhdi_dt_get_key('/home/v62970/Documents/ece748-assignment4/part_1/simv: undefined symbol: vhdi_dt_get_key')
ANF: vhdi_dt_get_vhdl_enum_info('/home/v62970/Documents/ece748-assignment4/part_1/simv: undefined symbol: vhdi_dt_get_vhdl_enum_info')
ANF: vhdi_dt_get_vhdl_physical_info('/home/v62970/Documents/ece748-assignment4/part_1/simv: undefined symbol: vhdi_dt_get_vhdl_physical_info')
ANF: vhdi_dt_get_vhdl_array_info('/home/v62970/Documents/ece748-assignment4/part_1/simv: undefined symbol: vhdi_dt_get_vhdl_array_info')
ANF: vhdi_dt_get_vhdl_record_info('/home/v62970/Documents/ece748-assignment4/part_1/simv: undefined symbol: vhdi_dt_get_vhdl_record_info')
ANF: vhdi_dt_get_vhdl_integer_range_info('/home/v62970/Documents/ece748-assignment4/part_1/simv: undefined symbol: vhdi_dt_get_vhdl_integer_range_info')
ANF: vhdi_def_traverse_module('/home/v62970/Documents/ece748-assignment4/part_1/simv: undefined symbol: vhdi_def_traverse_module')
ANF: vhdi_def_traverse_scope('/home/v62970/Documents/ece748-assignment4/part_1/simv: undefined symbol: vhdi_def_traverse_scope')
ANF: vhdi_def_traverse_variable('/home/v62970/Documents/ece748-assignment4/part_1/simv: undefined symbol: vhdi_def_traverse_variable')
ANF: vhdi_def_get_module_id_by_vhpi('/home/v62970/Documents/ece748-assignment4/part_1/simv: undefined symbol: vhdi_def_get_module_id_by_vhpi')
ANF: vhdi_def_get_handle_by_module_id('/home/v62970/Documents/ece748-assignment4/part_1/simv: undefined symbol: vhdi_def_get_handle_by_module_id')
ANF: vhdi_def_get_variable_info_by_vhpi('/home/v62970/Documents/ece748-assignment4/part_1/simv: undefined symbol: vhdi_def_get_variable_info_by_vhpi')
ANF: vhdi_def_free('/home/v62970/Documents/ece748-assignment4/part_1/simv: undefined symbol: vhdi_def_free')
ANF: vhdi_ist_traverse_scope('/home/v62970/Documents/ece748-assignment4/part_1/simv: undefined symbol: vhdi_ist_traverse_scope')
ANF: vhdi_ist_traverse_variable('/home/v62970/Documents/ece748-assignment4/part_1/simv: undefined symbol: vhdi_ist_traverse_variable')
ANF: vhdi_ist_convert_by_vhpi('/home/v62970/Documents/ece748-assignment4/part_1/simv: undefined symbol: vhdi_ist_convert_by_vhpi')
ANF: vhdi_ist_clone('/home/v62970/Documents/ece748-assignment4/part_1/simv: undefined symbol: vhdi_ist_clone')
ANF: vhdi_ist_free('/home/v62970/Documents/ece748-assignment4/part_1/simv: undefined symbol: vhdi_ist_free')
ANF: vhdi_ist_hash_key('/home/v62970/Documents/ece748-assignment4/part_1/simv: undefined symbol: vhdi_ist_hash_key')
ANF: vhdi_ist_compare('/home/v62970/Documents/ece748-assignment4/part_1/simv: undefined symbol: vhdi_ist_compare')
ANF: vhdi_ist_get_value_addr('/home/v62970/Documents/ece748-assignment4/part_1/simv: undefined symbol: vhdi_ist_get_value_addr')
ANF: vhdi_set_scsd_callback('/home/v62970/Documents/ece748-assignment4/part_1/simv: undefined symbol: vhdi_set_scsd_callback')
ANF: vhdi_cbk_set_force_callback('/home/v62970/Documents/ece748-assignment4/part_1/simv: undefined symbol: vhdi_cbk_set_force_callback')
ANF: vhdi_trigger_init_force('/home/v62970/Documents/ece748-assignment4/part_1/simv: undefined symbol: vhdi_trigger_init_force')
ANF: vhdi_ist_check_scsd_callback('/home/v62970/Documents/ece748-assignment4/part_1/simv: undefined symbol: vhdi_ist_check_scsd_callback')
ANF: vhdi_ist_add_scsd_callback('/home/v62970/Documents/ece748-assignment4/part_1/simv: undefined symbol: vhdi_ist_add_scsd_callback')
ANF: vhdi_ist_remove_scsd_callback('/home/v62970/Documents/ece748-assignment4/part_1/simv: undefined symbol: vhdi_ist_remove_scsd_callback')
ANF: vhdi_ist_get_scsd_user_data('/home/v62970/Documents/ece748-assignment4/part_1/simv: undefined symbol: vhdi_ist_get_scsd_user_data')
ANF: vhdi_add_time_change_callback('/home/v62970/Documents/ece748-assignment4/part_1/simv: undefined symbol: vhdi_add_time_change_callback')
ANF: vhdi_get_real_value_by_value_addr('/home/v62970/Documents/ece748-assignment4/part_1/simv: undefined symbol: vhdi_get_real_value_by_value_addr')
ANF: vhdi_get_64_value_by_value_addr('/home/v62970/Documents/ece748-assignment4/part_1/simv: undefined symbol: vhdi_get_64_value_by_value_addr')
ANF: vhdi_xprop_inst_is_promoted('/home/v62970/Documents/ece748-assignment4/part_1/simv: undefined symbol: vhdi_xprop_inst_is_promoted')
ANF: vdi_ist_convert_by_vhdi('/home/v62970/Documents/ece748-assignment4/part_1/simv: undefined symbol: vdi_ist_convert_by_vhdi')
ANF: vhdi_ist_get_module_id('/home/v62970/Documents/ece748-assignment4/part_1/simv: undefined symbol: vhdi_ist_get_module_id')
ANF: vhdi_refine_foreign_scope_type('/home/v62970/Documents/ece748-assignment4/part_1/simv: undefined symbol: vhdi_refine_foreign_scope_type')
ANF: vhdi_flush_callback('/home/v62970/Documents/ece748-assignment4/part_1/simv: undefined symbol: vhdi_flush_callback')
ANF: vhdi_set_orig_name('/home/v62970/Documents/ece748-assignment4/part_1/simv: undefined symbol: vhdi_set_orig_name')
ANF: vhdi_set_dump_pt('/home/v62970/Documents/ece748-assignment4/part_1/simv: undefined symbol: vhdi_set_dump_pt')
ANF: vhdi_set_int_subtype('/home/v62970/Documents/ece748-assignment4/part_1/simv: undefined symbol: vhdi_set_int_subtype')
ANF: vhdi_get_fsdb_option('/home/v62970/Documents/ece748-assignment4/part_1/simv: undefined symbol: vhdi_get_fsdb_option')
ANF: vhdi_fgp_get_mode('/home/v62970/Documents/ece748-assignment4/part_1/simv: undefined symbol: vhdi_fgp_get_mode')
ANF: vhdi_node_register_composite_var('/home/v62970/Documents/ece748-assignment4/part_1/simv: undefined symbol: vhdi_node_register_composite_var')
ANF: vhdi_node_analysis('/home/v62970/Documents/ece748-assignment4/part_1/simv: undefined symbol: vhdi_node_analysis')
ANF: vhdi_node_id('/home/v62970/Documents/ece748-assignment4/part_1/simv: undefined symbol: vhdi_node_id')
ANF: vhdi_node_ist_check_scsd_callback('/home/v62970/Documents/ece748-assignment4/part_1/simv: undefined symbol: vhdi_node_ist_check_scsd_callback')
ANF: vhdi_node_ist_add_scsd_callback('/home/v62970/Documents/ece748-assignment4/part_1/simv: undefined symbol: vhdi_node_ist_add_scsd_callback')
ANF: vhdi_node_ist_get_value_addr('/home/v62970/Documents/ece748-assignment4/part_1/simv: undefined symbol: vhdi_node_ist_get_value_addr')
ANF: vhdi_enc_def_traverse_module('/home/v62970/Documents/ece748-assignment4/part_1/simv: undefined symbol: vhdi_enc_def_traverse_module')
ANF: vhdi_enc_def_traverse_scope('/home/v62970/Documents/ece748-assignment4/part_1/simv: undefined symbol: vhdi_enc_def_traverse_scope')
ANF: vhdi_enc_def_traverse_variable('/home/v62970/Documents/ece748-assignment4/part_1/simv: undefined symbol: vhdi_enc_def_traverse_variable')
ANF: vhdi_enc_ist_traverse_scope('/home/v62970/Documents/ece748-assignment4/part_1/simv: undefined symbol: vhdi_enc_ist_traverse_scope')
ANF: vhdi_enc_ist_traverse_variable('/home/v62970/Documents/ece748-assignment4/part_1/simv: undefined symbol: vhdi_enc_ist_traverse_variable')
ANF: vhdi_enc_ist_get_module_id('/home/v62970/Documents/ece748-assignment4/part_1/simv: undefined symbol: vhdi_enc_ist_get_module_id')
ANF: vhdi_enc_def_get_handle_by_module_id('/home/v62970/Documents/ece748-assignment4/part_1/simv: undefined symbol: vhdi_enc_def_get_handle_by_module_id')
VCS compile option:
 option[0]: /home/v62970/Documents/ece748-assignment4/part_1/simv
 option[1]: -sml=verdi
 option[2]: +UVM_VERDI_TRACE=UVM_AWARE
 option[3]: +fsdb+gate=off
 option[4]: -ucli2Proc
 option[5]: -ucli
 option[6]: -l
 option[7]: /home/v62970/Documents/ece748-assignment4/part_1/verdiLog/sim.log
 option[8]: /CMC/tools/synopsys/vcs_vT-2022.06-SP2/vcs/T-2022.06-SP2/linux64/bin/vcs1
 option[9]: -Mcc=gcc
 option[10]: -Mcplusplus=g++
 option[11]: -Masflags=
 option[12]: -Mcfl= -pipe -fPIC -O -I/CMC/tools/synopsys/vcs_vT-2022.06-SP2/vcs/T-2022.06-SP2/include 
 option[13]: -Mxllcflags=
 option[14]: -Mxcflags= -pipe -fPIC -I/CMC/tools/synopsys/vcs_vT-2022.06-SP2/vcs/T-2022.06-SP2/include
 option[15]: -Mldflags= -rdynamic 
 option[16]: -Mout=simv
 option[17]: -Mamsrun=
 option[18]: -Mvcsaceobjs=
 option[19]: -Mobjects= /CMC/tools/synopsys/vcs_vT-2022.06-SP2/vcs/T-2022.06-SP2/linux64/lib/libvirsim.so /CMC/tools/synopsys/vcs_vT-2022.06-SP2/vcs/T-2022.06-SP2/linux64/lib/liberrorinf.so /CMC/tools/synopsys/vcs_vT-2022.06-SP2/vcs/T-2022.06-SP2/linux64/lib/libsnpsmalloc.so /CMC/tools/synopsys/vcs_vT-2022.06-SP2/vcs/T-2022.06-SP2/linux64/lib/libvfs.so 
 option[20]: -Mexternalobj=
 option[21]: -Msaverestoreobj=/CMC/tools/synopsys/vcs_vT-2022.06-SP2/vcs/T-2022.06-SP2/linux64/lib/vcs_save_restore_new.o
 option[22]: -Mcrt0=
 option[23]: -Mcrtn=
 option[24]: -Mcsrc=
 option[25]: -Msyslibs=/CMC/tools/synopsys/verdi_vT-2022.06-SP2/verdi/T-2022.06-SP2/share/PLI/VCS/LINUX64/pli.a -ldl 
 option[26]: -kdb
 option[27]: -Xufe=2steps
 option[28]: -debug_access
 option[29]: +vpi
 option[30]: +vcsd1
 option[31]: +itf+/CMC/tools/synopsys/vcs_vT-2022.06-SP2/vcs/T-2022.06-SP2/linux64/lib/vcsdp_lite.tab
 option[32]: -debug_access+all+bc
 option[33]: -debug_region+cell
 option[34]: -picarchive
 option[35]: -P
 option[36]: /CMC/tools/synopsys/verdi_vT-2022.06-SP2/verdi/T-2022.06-SP2/share/PLI/VCS/LINUX64/verdi.tab
 option[37]: -fsdb
 option[38]: -gen_obj
 option[39]: rtl/sources_1/ALU_Decoder.v
 option[40]: rtl/sources_1/ALU.v
 option[41]: rtl/sources_1/Control_Unit_Top.v
 option[42]: rtl/sources_1/Data_Memory.v
 option[43]: rtl/sources_1/Instruction_Memory.v
 option[44]: rtl/sources_1/Main_Decoder.v
 option[45]: rtl/sources_1/Mux.v
 option[46]: rtl/sources_1/PC_Adder.v
 option[47]: rtl/sources_1/PC.v
 option[48]: rtl/sources_1/Register_File.v
 option[49]: rtl/sources_1/Sign_Extend.v
 option[50]: rtl/sources_1/Single_Cycle_Top.v
 option[51]: rtl/sources_1/SRAM_32x64_1rw.v
 option[52]: rtl/sim_1/Single_Cycle_Top_Tb.v
 option[53]: -load
 option[54]: /CMC/tools/synopsys/verdi_vT-2022.06-SP2/verdi/T-2022.06-SP2/share/PLI/VCS/LINUX64/libnovas.so:FSDBDumpCmd
Chronologic Simulation VCS Release T-2022.06-SP2_Full64
Linux 3.10.0-1160.92.1.el7.x86_64 #1 SMP Tue Jun 20 11:48:01 UTC 2023 x86_64
CPU cores: 4
Limit information:
======================================
cputime		unlimited
filesize		unlimited
datasize		unlimited
stacksize		unlimited
coredumpsize		0 kbytes
memoryuse		unlimited
vmemoryuse		unlimited
descriptors		4096
memorylocked		64 kbytes
maxproc		4096
======================================
(Special)Runtime environment variables:

Runtime environment variables:
SSH_AGENT_PID=107104
XDG_SESSION_ID=194
CMC_HOME=/CMC
HOSTNAME=vcl-vm0-96
DBUS_STARTER_ADDRESS=unix:abstract=/tmp/dbus-6R1nYzFyC2,guid=b90075135d10e7a4b6e2bf91657f3b3d
NOVAS_SYNC_MOTIF_DISP=
IMSETTINGS_INTEGRATE_DESKTOP=yes
NOVAS_HOME=/CMC/tools/synopsys/verdi_vT-2022.06-SP2/verdi/T-2022.06-SP2
CMC_SNPS_ARCH=amd64
CMC_ST_ARCH=lnx
TERM=xterm-256color
SHELL=/bin/tcsh
XDG_MENU_PREFIX=gnome-
HOST=vcl-vm0-96
VTE_VERSION=5204
SPS_FONT_PATH=/CMC/tools/synopsys/verdi_vT-2022.06-SP2/verdi/T-2022.06-SP2/font
GNOME_TERMINAL_SCREEN=/org/gnome/Terminal/screen/f1b5c499_7c4f_414a_8c0a_ee15d15c356a
VCS_STACK_EXEC=true
NOVAS_EXECUTABLE_ARCH=LINUX64
VCS_TARGET_ARCH=linux64
SPS_XFONT_PATH=/CMC/tools/synopsys/verdi_vT-2022.06-SP2/verdi/T-2022.06-SP2/XFont
CMC_MNT_ARCH=ixl
QTDIR=/usr/lib64/qt-3.3
PULSE_CONFIG=/home/v62970/.nx/nxdevice/D-1001-3A37195984BDF49E8375FE1B65CEED84/audio/daemon.conf
VCS_PATHMAP_PRELOAD_DONE=1
QTINC=/usr/lib64/qt-3.3/include
LC_ALL=C
PULSE_SERVER=/home/v62970/.nx/nxdevice/D-1001-3A37195984BDF49E8375FE1B65CEED84/audio/native.socket
IMSETTINGS_MODULE=none
QT_GRAPHICSSYSTEM_CHECKED=1
USER=v62970
GROUP=vcl
NX_SESSION_ID=3A37195984BDF49E8375FE1B65CEED84
LD_LIBRARY_PATH=/lib64:/usr/lib64:/lib:/usr/lib:
LS_COLORS=rs=0:di=38;5;27:ln=38;5;51:mh=44;38;5;15:pi=40;38;5;11:so=38;5;13:do=38;5;5:bd=48;5;232;38;5;11:cd=48;5;232;38;5;3:or=48;5;232;38;5;9:mi=05;48;5;232;38;5;15:su=48;5;196;38;5;15:sg=48;5;11;38;5;16:ca=48;5;196;38;5;226:tw=48;5;10;38;5;16:ow=48;5;10;38;5;21:st=48;5;21;38;5;15:ex=38;5;34:*.tar=38;5;9:*.tgz=38;5;9:*.arc=38;5;9:*.arj=38;5;9:*.taz=38;5;9:*.lha=38;5;9:*.lz4=38;5;9:*.lzh=38;5;9:*.lzma=38;5;9:*.tlz=38;5;9:*.txz=38;5;9:*.tzo=38;5;9:*.t7z=38;5;9:*.zip=38;5;9:*.z=38;5;9:*.Z=38;5;9:*.dz=38;5;9:*.gz=38;5;9:*.lrz=38;5;9:*.lz=38;5;9:*.lzo=38;5;9:*.xz=38;5;9:*.bz2=38;5;9:*.bz=38;5;9:*.tbz=38;5;9:*.tbz2=38;5;9:*.tz=38;5;9:*.deb=38;5;9:*.rpm=38;5;9:*.jar=38;5;9:*.war=38;5;9:*.ear=38;5;9:*.sar=38;5;9:*.rar=38;5;9:*.alz=38;5;9:*.ace=38;5;9:*.zoo=38;5;9:*.cpio=38;5;9:*.7z=38;5;9:*.rz=38;5;9:*.cab=38;5;9:*.jpg=38;5;13:*.jpeg=38;5;13:*.gif=38;5;13:*.bmp=38;5;13:*.pbm=38;5;13:*.pgm=38;5;13:*.ppm=38;5;13:*.tga=38;5;13:*.xbm=38;5;13:*.xpm=38;5;13:*.tif=38;5;13:*.tiff=38;5;13:*.png=38;5;13:*.svg=38;5;13:*.svgz=38;5;13:*.mng=38;5;13:*.pcx=38;5;13:*.mov=38;5;13:*.mpg=38;5;13:*.mpeg=38;5;13:*.m2v=38;5;13:*.mkv=38;5;13:*.webm=38;5;13:*.ogm=38;5;13:*.mp4=38;5;13:*.m4v=38;5;13:*.mp4v=38;5;13:*.vob=38;5;13:*.qt=38;5;13:*.nuv=38;5;13:*.wmv=38;5;13:*.asf=38;5;13:*.rm=38;5;13:*.rmvb=38;5;13:*.flc=38;5;13:*.avi=38;5;13:*.fli=38;5;13:*.flv=38;5;13:*.gl=38;5;13:*.dl=38;5;13:*.xcf=38;5;13:*.xwd=38;5;13:*.yuv=38;5;13:*.cgm=38;5;13:*.emf=38;5;13:*.axv=38;5;13:*.anx=38;5;13:*.ogv=38;5;13:*.ogx=38;5;13:*.aac=38;5;45:*.au=38;5;45:*.flac=38;5;45:*.mid=38;5;45:*.midi=38;5;45:*.mka=38;5;45:*.mp3=38;5;45:*.mpc=38;5;45:*.ogg=38;5;45:*.ra=38;5;45:*.wav=38;5;45:*.axa=38;5;45:*.oga=38;5;45:*.spx=38;5;45:*.xspf=38;5;45:
GNOME_TERMINAL_SERVICE=:1.125
XNLSPATH=/CMC/tools/synopsys/verdi_vT-2022.06-SP2/verdi/T-2022.06-SP2/etc/access/nls
CMC_MNT_ARCH2=linux_x86_64
SSH_AUTH_SOCK=/run/user/62970/keyring/ssh
HOSTTYPE=x86_64-linux
MALLOC_ARENA_MAX=1
CMC_MNT_ARCH3=aoi
SNPSLMD_LICENSE_FILE=6053@licaccess.cmc.ca
USERNAME=v62970
PULSE_CLIENTCONFIG=/home/v62970/.nx/nxdevice/D-1001-3A37195984BDF49E8375FE1B65CEED84/audio/client.conf
NX_CONNECTION=99.245.131.88 58074 172.16.84.96 4000 
PULSE_SCRIPT=/home/v62970/.nx/nxdevice/D-1001-3A37195984BDF49E8375FE1B65CEED84/audio/default.pa
MAIL=/var/spool/mail/v62970
PATH=/CMC/tools/synopsys/verdi_vT-2022.06-SP2/verdi/T-2022.06-SP2/bin:/CMC/tools/synopsys/vcs_vT-2022.06-SP2/vcs/T-2022.06-SP2/bin:.:/usr/lib64/qt-3.3/bin:/usr/local/sbin:/usr/local/bin:/usr/sbin:/usr/bin:/sbin:/bin:/bin:/usr/bin:/usr/X11R6/bin
NXDIR=/usr/NX
QT_IM_MODULE=ibus
VERDI_HOME=/CMC/tools/synopsys/verdi_vT-2022.06-SP2/verdi/T-2022.06-SP2
PWD=/home/v62970/Documents/ece748-assignment4/part_1
VCS_HOME=/CMC/tools/synopsys/vcs_vT-2022.06-SP2/vcs/T-2022.06-SP2
XMODIFIERS=@im=none
SYS_PROG_NAME=verdi
LANG=C
GDK_BACKEND=x11
NX_SYSTEM=/usr/NX
CMC_XILINX_ARCH=64
PLATFORM=linux64
SYS_INST_DIR=/CMC/tools/synopsys/verdi_vT-2022.06-SP2/verdi/T-2022.06-SP2
NX_RUNNER=/usr/NX/bin/nxrunner
CMC_SNPS_ARCH3=linux
DBUS_STARTER_BUS_TYPE=session
NX_CUPS_BIN=/usr/bin
CMC_SNPS_ARCH2=AMD.64
HOME=/home/v62970
SHLVL=2
OSTYPE=linux
VCS_EXEC_DONE=1
VERDI_ORIGNAL_LD_LIBRARY_PATH=/lib64:/usr/lib64:/lib:/usr/lib:
CDS_AUTO_64BIT=ALL
PULSE_RUNTIME_PATH=/home/v62970/.nx/nxdevice/D-1001-3A37195984BDF49E8375FE1B65CEED84/audio
GNOME_DESKTOP_SESSION_ID=this-is-deprecated
CMC_SNPS_SOURCED=1
VENDOR=unknown
MACHTYPE=x86_64
LOGNAME=v62970
QTLIB=/usr/lib64/qt-3.3/lib
DBUS_SESSION_BUS_ADDRESS=unix:abstract=/tmp/dbus-6R1nYzFyC2,guid=b90075135d10e7a4b6e2bf91657f3b3d
NOVASHLPPATH=/CMC/tools/synopsys/verdi_vT-2022.06-SP2/verdi/T-2022.06-SP2/doc
SPS_RGB_PATH=/CMC/tools/synopsys/verdi_vT-2022.06-SP2/verdi/T-2022.06-SP2/etc/rgb
LESSOPEN=||/usr/bin/lesspipe.sh %s
CMC_ANSYS_ARCH=Linux64
LD_NOVERSION=1
XDG_RUNTIME_DIR=/run/user/62970
DISPLAY=:1001
QT_PLUGIN_PATH=/CMC/tools/synopsys/verdi_vT-2022.06-SP2/verdi/T-2022.06-SP2/platform/LINUXAMD64/lib/Qt/plugins
XDG_CURRENT_DESKTOP=GNOME
CMC_CDS_ARCH=lnx86
NX_ROOT=/home/v62970/.nx
CMC_SOURCED=1
COLORTERM=truecolor
XAUTHORITY=/home/v62970/.Xauthority
NX_TEMP=/tmp
NOVAS_LC_ALL=C
SIMV_DAIDIR_PATH=/home/v62970/Documents/ece748-assignment4/part_1/./simv.daidir
NOVAS_SIGNAL_BASE_EXTRACTION=1
SIGNAL_BASE_EXTRACTION=1
NOVAS_VERDI_SVTB_BETA=1
VERDI_SVTB_BETA=1
NOVAS_VERDI_SVTB_ALPHA=1
VERDI_SVTB_ALPHA=1
NOVAS_VERDI_TB_HT=1
VERDI_TB_HT=1
NOVAS_WAVE_REDRAW_ALLVC=1
WAVE_REDRAW_ALLVC=1
NOVAS_TCL_LIBRARY=/CMC/tools/synopsys/verdi_vT-2022.06-SP2/verdi/T-2022.06-SP2/etc/access/tcl86_library
TCL_LIBRARY=/CMC/tools/synopsys/verdi_vT-2022.06-SP2/verdi/T-2022.06-SP2/etc/access/tcl86_library
XKEYSYMDB=/CMC/tools/synopsys/verdi_vT-2022.06-SP2/verdi/T-2022.06-SP2/etc/access/XKeysymDB2.1
XLOCALEDIR=/CMC/tools/synopsys/verdi_vT-2022.06-SP2/verdi/T-2022.06-SP2/etc/access/locale
NOVAS_SIGNAL_BASED_BA=0
SIGNAL_BASED_BA=0
SNPS_SIM_DEFAULT_GUI=verdi
FSDB_FILE=/home/v62970/Documents/ece748-assignment4/part_1/inter.fsdb
VCS_UCLI_STDIN_BLOCKING=1
FSDB_VHDL_PROTECTED=1
FSDB_RD_IR_ENABLE=1
FSDB_SVA_STATUS=1
VCS_STOP_SAFE=1
DVE_SIM_SELECT_LOOP=on
FLEXLM_BORROWFILE=/home/v62970/.vcl-vm0-96-borrow.txt
Runtime command line arguments:
argv[0]=/home/v62970/Documents/ece748-assignment4/part_1/simv
argv[1]=-sml=verdi
argv[2]=+UVM_VERDI_TRACE=UVM_AWARE
argv[3]=+fsdb+gate=off
argv[4]=-ucli2Proc
argv[5]=-ucli
argv[6]=-l
argv[7]=/home/v62970/Documents/ece748-assignment4/part_1/verdiLog/sim.log
292 profile - 100
          CPU/Mem usage: 0.000 sys,  0.040 user,  256.14M mem
293 Elapsed time:    0:00:00    Sun Dec 17 18:07:58 2023
294 User CPU time used: 0 seconds
295 System CPU time used: 0 seconds
296 pliAppInit
297 ndpGetenv(FSDB_FILE): /home/v62970/Documents/ece748-assignment4/part_1/inter.fsdb
298 ndpGetenv(FSDB_SVA_STATUS): 1
299 ndpGetenv(FSDB_VHDL_PROTECTED): 1
300 [SC]Init: MemoryConsumed=0.00MB ElapsedTime=0hour 0min. 0sec.
301 FSDB_GATE & FSDB_RTL is disabled.
302 FSDB_ALIAS_ARRAY_ELEM is set to 4294967295.
303 Enable Parallel Dumping.
304 pliAppMiscSet: New Sim Round
305 pliEntryInit
306 LIBSSCORE=found /CMC/tools/synopsys/verdi_vT-2022.06-SP2/verdi/T-2022.06-SP2/share/PLI/lib/LINUXAMD64/libsscore_vcs202206.so through $NOVAS_HOME setting.
307 FSDB Dumper for VCS, Release Verdi_T-2022.06-SP2, Linux x86_64/64bit, 11/22/2022
308 (C) 1996 - 2022 by Synopsys, Inc.
309 sps_tcl_fsdbDumpfile_main at 0
310 argv[0]: /home/v62970/Documents/ece748-assignment4/part_1/inter.fsdb
311 *Verdi* : Create FSDB file '/home/v62970/Documents/ece748-assignment4/part_1/inter.fsdb'
312 [spi_vcs_vd_ppi_create_root]: no upf option
313 compile option from '/home/v62970/Documents/ece748-assignment4/part_1/simv.daidir/vcs_rebuild'.
314   "vcs '-kdb' '-debug_access' '-debug_all' 'rtl/sources_1/ALU_Decoder.v' 'rtl/sources_1/ALU.v' 'rtl/sources_1/Control_Unit_Top.v' 'rtl/sources_1/Data_Memory.v' 'rtl/sources_1/Instruction_Memory.v' 'rtl/sources_1/Main_Decoder.v' 'rtl/sources_1/Mux.v' 'rtl/sources_1/PC_Adder.v' 'rtl/sources_1/PC.v' 'rtl/sources_1/Register_File.v' 'rtl/sources_1/Sign_Extend.v' 'rtl/sources_1/Single_Cycle_Top.v' 'rtl/sources_1/SRAM_32x64_1rw.v' 'rtl/sim_1/Single_Cycle_Top_Tb.v' 2>&1"
315 sps_tcl_fsdbDumpflush_vd_main at 0 : N/A(0)
316 *Verdi* : Flush all FSDB Files at 0 ps.
317 sps_tcl_fsdbDumpflush_vd_main at 0 : N/A(0)
318 *Verdi* : Flush all FSDB Files at 0 ps.
319 DVDI_is_vir_unload_enabled is enable
320 FSDB_VCS_ENABLE_NATIVE_VC is enable
321 sps_tcl_fsdbDumpvars_vd_main
322 argv[0]: 1
323 argv[1]: Instruction_Memory
324 argv[2]: +all
325 argv[3]: +trace_process
326 *Verdi* : Begin traversing the scope (Instruction_Memory), layer (1).
327 *Verdi* : Enable +trace_process and +all dumping.
328 *Verdi* : End of traversing.
329 pliAppHDL_DumpVarComplete traverse var: profile - 
          CPU/Mem usage: 0.020 sys,  0.060 user,  356.98M mem
                   incr: 0.000 sys,  0.000 user,  3.21M mem
                   accu: 0.000 sys,  0.000 user,  3.21M mem
              accu incr: 0.000 sys,  0.000 user,  3.21M mem

          Count usage: 67 var,  67 idcode,  4 callback
                 incr: 67 var,  67 idcode,  4 callback
                 accu: 67 var,  67 idcode,  4 callback
            accu incr: 67 var,  67 idcode,  4 callback
330 Elapsed time:    0:00:38    Sun Dec 17 18:08:36 2023
331 User CPU time used: 0 seconds
332 System CPU time used: 0 seconds
333 pliAppHDL_DumpVarComplete: profile - 
          CPU/Mem usage: 0.020 sys,  0.060 user,  358.03M mem
                   incr: 0.000 sys,  0.000 user,  1.05M mem
                   accu: 0.000 sys,  0.000 user,  4.26M mem
              accu incr: 0.000 sys,  0.000 user,  1.05M mem

          Count usage: 67 var,  67 idcode,  4 callback
                 incr: 0 var,  0 idcode,  0 callback
                 accu: 67 var,  67 idcode,  4 callback
            accu incr: 0 var,  0 idcode,  0 callback
334 Elapsed time:    0:00:38    Sun Dec 17 18:08:36 2023
335 User CPU time used: 0 seconds
336 System CPU time used: 0 seconds
337 sps_tcl_fsdbDumpflush_vd_main at 0 : N/A(0)
338 *Verdi* : Flush all FSDB Files at 0 ps.
339 sps_tcl_fsdbDumpvars_vd_main
340 argv[0]: 1
341 argv[1]: Single_Cycle_Top_Tb.Single_Cycle_Top.Register_File
342 argv[2]: +all
343 argv[3]: +trace_process
344 *Verdi* : Begin traversing the scope (Single_Cycle_Top_Tb.Single_Cycle_Top.Register_File), layer (1).
345 *Verdi* : Enable +trace_process and +all dumping.
346 *Verdi* : End of traversing.
347 pliAppHDL_DumpVarComplete traverse var: profile - 
          CPU/Mem usage: 0.030 sys,  0.060 user,  360.16M mem
                   incr: 0.010 sys,  0.000 user,  0.37M mem
                   accu: 0.010 sys,  0.000 user,  0.37M mem
              accu incr: 0.010 sys,  0.000 user,  0.37M mem

          Count usage: 108 var,  108 idcode,  14 callback
                 incr: 41 var,  41 idcode,  10 callback
                 accu: 41 var,  41 idcode,  10 callback
            accu incr: 41 var,  41 idcode,  10 callback
348 Elapsed time:    0:00:43    Sun Dec 17 18:08:41 2023
349 User CPU time used: 0 seconds
350 System CPU time used: 0 seconds
351 pliAppHDL_DumpVarComplete: profile - 
          CPU/Mem usage: 0.030 sys,  0.060 user,  360.16M mem
                   incr: 0.000 sys,  0.000 user,  0.00M mem
                   accu: 0.010 sys,  0.000 user,  0.37M mem
              accu incr: 0.000 sys,  0.000 user,  0.00M mem

          Count usage: 108 var,  108 idcode,  14 callback
                 incr: 0 var,  0 idcode,  0 callback
                 accu: 41 var,  41 idcode,  10 callback
            accu incr: 0 var,  0 idcode,  0 callback
352 Elapsed time:    0:00:43    Sun Dec 17 18:08:41 2023
353 User CPU time used: 0 seconds
354 System CPU time used: 0 seconds
355 sps_tcl_fsdbDumpflush_vd_main at 0 : N/A(0)
356 *Verdi* : Flush all FSDB Files at 0 ps.
357 sps_tcl_fsdbDumpflush_vd_main at 12600000 : N/A(0)
358 *Verdi* : Flush all FSDB Files at 12,600,000 ps.
359 End of simulation at 12600000
360 Memory usage: 360.317 M
361 Maximum resident set size: 155 MB
362 Hard page faults: 2
363 Soft page faults: 7867
364 Elapsed time:    1:03:49    Sun Dec 17 19:11:47 2023
365 User CPU time used: 0 seconds
366 System CPU time used: 0 seconds
367 Begin FSDB profile info:
368 FSDB Writer : bc1(455) bcn(1498) mtf/stf(0/5)
FSDB Writer elapsed time : flush(0.116583) io wait(0.000000) theadpool wait(0.000000)
FSDB Writer cpu time : MT Compression : 0
369 End FSDB profile info
370 FSDB closed. Name: /home/v62970/Documents/ece748-assignment4/part_1/inter.fsdb Size: 10576
371 Parallel profile     - ProducerThread:1 ConsumerThread:1 Buffer:64MB
372                      - BlockUsed:1 Acquire:2225 BufferUsed:32443
373                      - Flush:9 Expand:0 ProducerWait:0 ConsumerWait:0
374                      - MainProducerTime:0.161518758 TotalConsumerTime:0.000000000
375                      - ElapsedTime:3828.674853000
376 Producer   0 profile - BlockUsed:1 Acquire:2225 BufferUsed:32443
377 Consumer   0 profile - Affinity:-1 CPUTime:0.000000000 LifeTime:0.000000000 (-nan%)
378                      - BlockUsed:1 Acquire:2225 BufferUsed:32443
379 SimExit
380 Elapsed time:    1:03:49    Sun Dec 17 19:11:47 2023
381 User CPU time used: 0 seconds
382 System CPU time used: 0 seconds
383 Sim process exit
