version: (200506)

available memory: 64M bytes
used memory: 155648 bytes [need 152K bytes if disable swap]

used block: 5 [memory(5) file(0)]
                 [ 8K(3) 64K(2) { total 152K bytes } ]
overhead: (9538) bytes for (5) blocks [Average: (1907) bytes/block]

write  => 0(times) 0K(bytes) [0K bytes to file]
read   => 2(times) 15K(bytes) [4K bytes compressed data from file]
access => 209402(times) 1644M(bytes)
          [hit ratio: 99.999%]

time: write(0) read(0)  unit: second

swap file directory: (/home/v62970/Documents/ece748-assignment4/part_1/verdiLog)
used swap file number: (3)



swap file manager:
arrSize: (256)
idxCnt: (4)
closeHead: (1)
closeTail: (3)
openCnt: (3)
fid(3): fd(1073741825) fileName(/home/v62970/Documents/ece748-assignment4/part_1/simv.daidir/kdb.elab++/work.lib++/Single_Cycle_Top_Tb.v.tdc)
	size(5068) lastModTime(1702854471) curModTime(1702854471)
	mode(rb)	hot(0) cool(2) pos(0)
fid(2): fd(34) fileName(/home/v62970/Documents/ece748-assignment4/part_1/verdiLog/_swap_0001#279732308#16129)
	size(0) lastModTime(0) curModTime(1702854478)
	mode(w+b)	hot(3) cool(1) pos(0)
fid(1): fd(1073741824) fileName(/home/v62970/Documents/ece748-assignment4/part_1/simv.daidir/kdb.elab++/work.lib++/Data_Memory.v.tdc)
	size(1815) lastModTime(1702854471) curModTime(1702854471)
	mode(rb)	hot(2) cool(0) pos(0)
fid(0): fd(0) fileName(NULL)
	mode(NULL)	hot(0) cool(0) pos(0)
==================================================
mySelf(0x17d95820) pre(0x17d57ae0) next((nil))
version(200506)
date(Nov 14 2022 02:32:13)
